====================13/02/24 –ù–æ–≤–∞—è —É—Å—Ç–∞–Ω–æ–≤–∫–∞
https://kubernetes.io/ru/docs/tasks/tools/install-minikube/
minikube delete
–£—Å—Ç–∞–Ω–æ–≤–∫–∞:
–£–∫–∞–∑–∞–Ω–∏–µ –¥—Ä–∞–π–≤–µ—Ä–∞ –≤–∏—Ä—Ç—É–∞–ª—å–Ω–æ–π –º–∞—à–∏–Ω—ã
–í—ã –º–æ–∂–µ—Ç–µ –∏–∑–º–µ–Ω–∏—Ç—å –¥—Ä–∞–π–≤–µ—Ä –≤–∏—Ä—Ç—É–∞–ª—å–Ω–æ–π –º–∞—à–∏–Ω—ã, –¥–æ–±–∞–≤–∏–≤ —Ñ–ª–∞–≥ --vm-driver=<enter_driver_name> –≤ –∫–æ–º–∞–Ω–¥—É minikube start.
–¢–æ–≥–¥–∞ –∫–æ–º–∞–Ω–¥–∞ –±—É–¥–µ—Ç –≤—ã–≥–ª—è–¥–µ—Ç—å —Ç–∞–∫: minikube start --vm-driver=<driver_name>

$ minikube start --vm-driver=kvm2
(–ù–ï SUDO???)
üòÑ  minikube v1.34.0 on Linuxmint 22
‚ú®  Using the kvm2 driver based on user configuration
üëç  Starting "minikube" primary control-plane node in "minikube" cluster
üî•  Creating kvm2 VM (CPUs=2, Memory=2900MB, Disk=20000MB) ...
üê≥  Preparing Kubernetes v1.31.0 on Docker 27.2.0 ...
    ‚ñ™ Generating certificates and keys ...
    ‚ñ™ Booting up control plane ...
    ‚ñ™ Configuring RBAC rules ...
üîó  Configuring bridge CNI (Container Networking Interface) ...
üîé  Verifying Kubernetes components...
    ‚ñ™ Using image gcr.io/k8s-minikube/storage-provisioner:v5
üåü  Enabled addons: storage-provisioner, default-storageclass
üèÑ  Done! kubectl is now configured to use "minikube" cluster and "default" namespace by default

$ minikube dashboard
–û—Ç–∫—Ä–æ–µ—Ç—Å—è dashboard –∞–Ω —Å–µ—Ä–≤–µ—Ä–µ. –ú–ò–ù–£–¢–´ –ß–ï–†–ï–ó 3.
üîå  Enabling dashboard ...
    ‚ñ™ Using image docker.io/kubernetesui/dashboard:v2.7.0
    ‚ñ™ Using image docker.io/kubernetesui/metrics-scraper:v1.0.8
üí°  Some dashboard features require the metrics-server addon. To enable all features please run:

	minikube addons enable metrics-server

ü§î  Verifying dashboard health ...
üöÄ  Launching proxy ...
ü§î  Verifying proxy health ...
üéâ  Opening http://127.0.0.1:43361/api/v1/namespaces/kubernetes-dashboard/services/http:kubernetes-dashboard:/proxy/ in your default browser...
Found ffmpeg: /opt/yandex/browser/libffmpeg.so
	avcodec: 3999080
	avformat: 3998567
	avutil: 3871588
Ffmpeg version is OK! Let's use it.
Opening in existing browser session.

Dashboard –æ—Ç–∫—Ä—ã–ª—Å—è –Ω–∞ —Å–µ—Ä–≤–µ—Ä–µ.

–ù–∞ —Å–µ—Ä–≤–µ—Ä–µ –æ—Å—Ç–∞–Ω–æ–≤–∏–ª Ctrl-C –∏ —Å–Ω–æ–≤–∞ –∑–∞–ø—É—Å—Ç–∏–ª:
$ minikube dashboard
–ú–æ–º–µ–Ω—Ç–∞–ª—å–Ω–æ –æ—Ç–∫—Ä—ã–ª—Å—è dashboard –ù–∞ —Å–µ—Ä–≤–µ—Ä–µ. (http://127.0.0.1:43805/api/v1/namespaces/kubernetes-dashboard/services/http:kubernetes-dashboard:/proxy/#/workloads?namespace=default)
–ü–æ—Ä—Ç –Ω–∞–∑–Ω–∞—á–∞–µ—Ç—Å—è –î–ò–ù–ê–ú–ò–ß–ï–°–ö–ò. –ù–∞ –Ω–æ—É—Ç–±—É–∫–µ –Ω–µ –¥–æ—Å—Ç—É–ø–µ–Ω.

$ minikube status
minikube
type: Control Plane
host: Running
kubelet: Running
apiserver: Running
kubeconfig: Configured

–°–æ–∑–¥–∞–Ω–∏–µ DEPLOYMENT:
$ kubectl create deployment hello-minikube --image=registry.k8s.io/echoserver:1.10
deployment.apps/hello-minikube created
–í dashboard:
    –°–æ–∑–¥–∞–ª—Å—è deployment
    –°–æ–∑–¥–∞–ª—Å—è pod

–ü—Ä–æ–∫–∏–Ω—É—Ç—å –ø–æ—Ä—Ç –ø—Ä–∏–ª–æ–∂–µ–Ω–∏—è 8080 –Ω–∞—Ä—É–∂—É:
$ kubectl expose deployment hello-minikube --type=NodePort --port=8080

–ü—Ä–æ–≤–µ—Ä–∫–∞:
$ kubectl get pod
NAME                             READY   STATUS    RESTARTS   AGE
hello-minikube-9c9748c9b-s9h8s   1/1     Running   0          7m59s

–£–∑–Ω–∞–π—Ç–µ URL-–∞–¥—Ä–µ—Å –∑–∞–¥–µ–ø–ª–µ–Ω–Ω–æ–≥–æ (exposed) —Å–µ—Ä–≤–∏—Å–∞:
v$ minikube service hello-minikube --url
http://192.168.39.21:32567

–û—Ç–∫—Ä—ã—Ç—å –Ω–∞ v –∞–¥—Ä–µ—Å http://192.168.39.21:32567
–ë—É–¥—É—Ç –≤—ã–≤–µ–¥–µ–Ω—ã —Å–≤–µ–¥–µ–Ω–∏—è
    Hostname: hello-minikube-9c9748c9b-s9h8s
    ....

http://192.168.1.20:33259/api/v1/namespaces/kubernetes-dashboard/services/http:kubernetes-dashboard:/proxy/#/pod/default/hello-minikube-9c9748c9b-s9h8s?namespace=default


------------------
sudo rm -r -f ~/.minikube
vasi@v:~/temp/minikube$ ./minikube start --vm-driver kvm2 --memory 8112 --cpus 2 --apiserver-ips=192.168.1.121

-------------------
https://www.0to1.nl/post/minikube-m1-pro-issues/
minikube start --driver=podman
vasi@v:/home/vasi/tools$
=========================13.02 19:45 –í—Å–µ –ø–æ–ª—É—á–∏–ª–æ—Å—å=========================
–í–°–ï –í–´–ü–û–õ–ù–Ø–¢–¨ –í –¢–ï–†–ú–ò–ù–ê–õ–ï V.PERM.RU
https://minikube.sigs.k8s.io/docs/start/?arch=%2Flinux%2Fx86-64%2Fstable%2Fbinary+download

vasi@v:~$ minikube start --driver=podman
üòÑ  minikube v1.35.0 on Linuxmint 22
‚ú®  Using the podman driver based on user configuration
üìå  Using Podman driver with root privileges
üëç  Starting "minikube" primary control-plane node in "minikube" cluster
üöú  Pulling base image v0.0.46 ...
    > gcr.io/k8s-minikube/kicbase...:  500.31 MiB / 500.31 MiB  100.00% 9.92 Mi
E0213 19:14:52.382249  274994 cache.go:222] Error downloading kic artifacts:  not yet implemented, see issue #8426
üî•  Creating podman container (CPUs=2, Memory=2900MB) ...
üê≥  Preparing Kubernetes v1.32.0 on Docker 27.4.1 ...
    ‚ñ™Ô∏è Generating certificates and keys ...
    ‚ñ™Ô∏è Booting up control plane ...
    ‚ñ™Ô∏è Configuring RBAC rules ...
üîó  Configuring bridge CNI (Container Networking Interface) ...
üîé  Verifying Kubernetes components...
    ‚ñ™Ô∏è Using image gcr.io/k8s-minikube/storage-provisioner:v5
üåü  Enabled addons: storage-provisioner, default-storageclass
üèÑ  Done! kubectl is now configured to use "minikube" cluster and "default" namespace by default
vasi@v:~$ cd tools/
vasi@v:~/tools$ ./kubectl get po -A
NAMESPACE     NAME                               READY   STATUS    RESTARTS        AGE
kube-system   coredns-668d6bf9bc-5s7hz           1/1     Running   0               6m16s
kube-system   etcd-minikube                      1/1     Running   0               6m26s
kube-system   kube-apiserver-minikube            1/1     Running   0               6m30s
kube-system   kube-controller-manager-minikube   1/1     Running   0               6m26s
kube-system   kube-proxy-4fw2j                   1/1     Running   0               6m16s
kube-system   kube-scheduler-minikube            1/1     Running   0               6m27s
kube-system   storage-provisioner                1/1     Running   1 (4m45s ago)   6m

–ó–∞–ø—É—Å–∫ dashboard:
vasi@v:~/tools$ minikube dashboard
üîå  Enabling dashboard ...
    ‚ñ™ Using image docker.io/kubernetesui/dashboard:v2.7.0
    ‚ñ™ Using image docker.io/kubernetesui/metrics-scraper:v1.0.8
üí°  Some dashboard features require the metrics-server addon. To enable all features please run:

	minikube addons enable metrics-server

ü§î  Verifying dashboard health ...
üöÄ  Launching proxy ...
ü§î  Verifying proxy health ...
üéâ  Opening http://127.0.0.1:44379/api/v1/namespaces/kubernetes-dashboard/services/http:kubernetes-dashboard:/proxy/ in your default browser...
Found ffmpeg: /opt/yandex/browser/libffmpeg.so
	avcodec: 3999080
	avformat: 3998567
	avutil: 3871588
Ffmpeg version is OK! Let's use it.
Opening in existing browser session.

–û—Ç–∫—Ä–æ–µ—Ç—Å—è –≤ –±—Ä–∞—É–∑–µ—Ä–µ v:
http://127.0.0.1:44379/api/v1/namespaces/kubernetes-dashboard/services/http:kubernetes-dashboard:/proxy/

–ü—Ä–æ–≤–µ—Ä–∫–∞ hello —Å–µ—Ä–≤–∏—Å–∞:
$ kubectl get services hello-minikube
NAME             TYPE       CLUSTER-IP     EXTERNAL-IP   PORT(S)          AGE
hello-minikube   NodePort   10.97.14.155   <none>        8080:30449/TCP   84s

$ minikube service hello-minikube
|-----------|----------------|-------------|---------------------------|
| NAMESPACE |      NAME      | TARGET PORT |            URL            |
|-----------|----------------|-------------|---------------------------|
| default   | hello-minikube |        8080 | http://192.168.67.2:30449 |
|-----------|----------------|-------------|---------------------------|
üéâ  Opening service default/hello-minikube in default browser...
Found ffmpeg: /opt/yandex/browser/libffmpeg.so
	avcodec: 3999080
	avformat: 3998567
	avutil: 3871588
Ffmpeg version is OK! Let's use it.

–° –Ω–æ—É—Ç–±—É–∫–∞ —Ç–æ–∂–µ –æ—Ç–∫—Ä—ã–≤–∞–µ—Ç—Å—è

–ü–µ—Ä–µ–Ω–∞–ø—Ä–∞–≤–ª–µ–Ω–∏–µ –ø–æ—Ä—Ç–∞:
$ kubectl port-forward service/hello-minikube 7080:8080
7080 - –ø–æ—Ä—Ç –¥–ª—è –≤–Ω–µ—à–Ω–µ–≥–æ –¥–æ—Å—Ç—É–ø–∞
8080 - –ø–æ—Ä—Ç –ø—Ä–æ–≥—Ä–∞–º–º—ã
–ù–∞ v.perm.ru —Ç–µ–ø–µ—Ä—å –æ—Ç–∫—Ä—ã–≤–∞–µ—Ç—Å—è http://127.0.0.1:7080

–° –Ω–æ—É—Ç–∞ –Ω–µ –æ—Ç–∫—Ä—ã–≤–∞–µ—Ç—Å—è!

–î—Ä—É–≥–æ–π —Å–ø–æ—Å–æ–± –ø–µ—Ä–µ–Ω–∞–ø—Ä–∞–≤–ª–µ–Ω–∏—è (—á—Ç–æ-—Ç–æ –Ω–µ —Ä–∞–±–æ—Ç–∞–µ—Ç!!!)
$ kubectl expose deployment hello-minikube --type=NodePort --port=8080

–ü—Ä–æ—Å–º–æ—Ç—Ä —Å–µ—Ä–≤–∏—Å–æ–≤:
vasi@v:~$ kubectl get svc
NAME             TYPE        CLUSTER-IP     EXTERNAL-IP   PORT(S)          AGE
hello-minikube   NodePort    10.97.14.155   <none>        8080:30449/TCP   16m
kubernetes       ClusterIP   10.96.0.1      <none>        443/TCP          61m

—Å –≤–Ω–µ—à–Ω–µ–≥–æ –ø–æ—Ä—Ç–∞ 30449 –ø–µ—Ä–µ–Ω–∞–ø—Ä–∞–≤–ª—è–µ—Ç—Å—è –Ω–∞ 8080 –ø—Ä–æ–≥—Ä–∞–º–º—ã

–ü–æ–∫–∞–∑–∞—Ç—å –ø–æ –∫–∞–∫–æ–º—É URL —Å–µ—Ä–≤–∏—Å –≤–∏–¥–Ω–æ —Å–Ω–∞—Ä—É–∂–∏:
vasi@v:~$ minikube service hello-minikube --url
http://192.168.67.2:30449

–° –ù–û–£–¢–ê –î–û–°–¢–£–ü –ï–°–¢–¨:
$ http http://192.168.67.2:30449

HTTP/1.1 200 OK
Content-Length: 186
Content-Type: text/plain
Date: Fri, 14 Feb 2025 09:11:05 GMT

Request served by hello-minikube-ffcbb5874-fjf64

HTTP/1.1 GET /

Host: 192.168.67.2:30449
Accept: */*
Accept-Encoding: gzip, deflate, br
Connection: keep-alive
User-Agent: HTTPie/3.2.2
--------------------------------------------------------
–ü–µ—Ä–µ–Ω–∞–ø—Ä–∞–≤–ª–µ–Ω–∏–µ –ø–æ—Ä—Ç–∞:
$ kubectl port-forward service/hello-minikube 6080:8080
Forwarding from 127.0.0.1:6080 -> 8080
Forwarding from [::1]:6080 -> 8080
Handling connection for 6080

6080 - –ø–æ—Ä—Ç –¥–ª—è –≤–Ω–µ—à–Ω–µ–≥–æ –¥–æ—Å—Ç—É–ø–∞
8080 - –ø–æ—Ä—Ç –ø—Ä–æ–≥—Ä–∞–º–º—ã

–ù–µ –∑–∞–∫—Ä—ã–≤–∞—Ç—å! –¢–∏–ø–∞ mapper. –ü—Ä–∏ –æ—Å—Ç–∞–Ω–æ–≤–∫–µ (CTRL-C) –ø–µ—Ä–µ–Ω–∞–ø—Ä–∞–≤–ª–µ–Ω–∏–µ –±—É–¥–µ—Ç –æ—Å—Ç–∞–Ω–æ–≤–ª–µ–Ω–æ.
–ü—Ä–æ–≤–µ—Ä–∫–∞:
http http://127.0.0.1:6080
HTTP/1.1 200 OK
Content-Length: 182
Content-Type: text/plain
Date: Fri, 14 Feb 2025 09:14:12 GMT

Request served by hello-minikube-ffcbb5874-fjf64

HTTP/1.1 GET /

Host: 127.0.0.1:6080
Accept: */*
Accept-Encoding: gzip, deflate, br
Connection: keep-alive
User-Agent: HTTPie/3.2.2

–≠—Ç–æ –±—É–¥–µ—Ç —Ä–∞–±–æ—Ç–∞—Ç—å —Ç–æ–ª—å–∫–æ –Ω–∞ 127.0.0.1. –î–ª—è –¥–æ—Å—Ç—É–ø–∞ –∫ —Å–µ—Ä–≤–∏—Å—É –∏–∑ —Å–µ—Ç–∏ –¥–æ–±–∞–≤–∏—Ç—å "--address 0.0.0.0":

$ kubectl port-forward service/hello-minikube --address 0.0.0.0 6080:8080

vasi@NOTE(!!!):~/prog/kotlin$ http http://192.168.1.20:6080
HTTP/1.1 200 OK
Content-Length: 181
Content-Type: text/plain
Date: Fri, 14 Feb 2025 09:19:33 GMT

Request served by hello-minikube-ffcbb5874-fjf64

HTTP/1.1 GET /

Host: 192.168.1.20:6080
Accept: */*
Accept-Encoding: gzip, deflate
Connection: keep-alive
User-Agent: HTTPie/0.9.8

